// Jest Snapshot v1, https://goo.gl/fbAQLP

exports[`Mock theme and theme provider 1`] = `null`;
